// Jest Snapshot v1, https://goo.gl/fbAQLP

exports[`Bottom Banner Should match snapshot (it renders correctly) 1`] = `
<aside>
  <h2>
    Is there anyone else you would want us to add?
  </h2>
  <button
    type="button"
  >
    Submit a name
  </button>
</aside>
`;
