// Jest Snapshot v1, https://goo.gl/fbAQLP

exports[`Header Should match snapshot 1`] = `
<nav>
  <div>
    <h1>
      Rule of thumb.
    </h1>
    <div>
      <div
        onClick={[Function]}
      >
        <button>
          <div
            style={
              Object {
                "bottom": 0,
                "boxSizing": "border-box",
                "display": "block",
                "left": 0,
                "margin": 0,
                "overflow": "hidden",
                "position": "absolute",
                "right": 0,
                "top": 0,
              }
            }
          >
            <img
              alt="Menu"
              decoding="async"
              src="data:image/gif;base64,R0lGODlhAQABAIAAAAAAAP///yH5BAEAAAAALAAAAAABAAEAAAIBRAA7"
              style={
                Object {
                  "border": "none",
                  "bottom": 0,
                  "boxSizing": "border-box",
                  "display": "block",
                  "height": 0,
                  "left": 0,
                  "margin": "auto",
                  "maxHeight": "100%",
                  "maxWidth": "100%",
                  "minHeight": "100%",
                  "minWidth": "100%",
                  "objectFit": undefined,
                  "objectPosition": undefined,
                  "padding": 0,
                  "position": "absolute",
                  "right": 0,
                  "top": 0,
                  "visibility": "hidden",
                  "width": 0,
                }
              }
            />
          </div>
        </button>
      </div>
    </div>
    <ul
      className="undefined undefined"
    >
      <li>
        <a
          href="#"
        >
          Past Trials
        </a>
      </li>
      <li>
        <a
          href="#"
        >
          How It Works
        </a>
      </li>
      <li>
        <a
          href="#"
        >
          Login / Sign Up
        </a>
      </li>
      <li>
        <form
          action="#"
        >
          <button
            aria-label="Search"
            onClick={[Function]}
            type="submit"
          >
            <div
              style={
                Object {
                  "bottom": 0,
                  "boxSizing": "border-box",
                  "display": "block",
                  "left": 0,
                  "margin": 0,
                  "overflow": "hidden",
                  "position": "absolute",
                  "right": 0,
                  "top": 0,
                }
              }
            >
              <img
                alt="Search"
                decoding="async"
                src="data:image/gif;base64,R0lGODlhAQABAIAAAAAAAP///yH5BAEAAAAALAAAAAABAAEAAAIBRAA7"
                style={
                  Object {
                    "border": "none",
                    "bottom": 0,
                    "boxSizing": "border-box",
                    "display": "block",
                    "height": 0,
                    "left": 0,
                    "margin": "auto",
                    "maxHeight": "100%",
                    "maxWidth": "100%",
                    "minHeight": "100%",
                    "minWidth": "100%",
                    "objectFit": undefined,
                    "objectPosition": undefined,
                    "padding": 0,
                    "position": "absolute",
                    "right": 0,
                    "top": 0,
                    "visibility": "hidden",
                    "width": 0,
                  }
                }
              />
            </div>
          </button>
        </form>
      </li>
    </ul>
  </div>
</nav>
`;
